Dir	.product.features.section: []
Return	expert
Dir	.product.features.section: []
Return	yes
Dir	.product.features.section: []
Return	true
Dir	.product.features.section: []
Return	95
